Statistics
Business
Uncategorized
content
December
server
Recent
Comments
header
Archives
navigation
Server
masthead
currently
working
developing
statistics
anything
missing
posted
primary
Search
Categories
secondary
wrapper
Proudly
powered
WordPress
colophon
Semantic
Personal
Publishing
Platform
Continue
reading
Permalink
comments
archive
author
website
development
nearly
Robert
checking
progress
single
Category
Author
avatar
because
perfect
princess
description
Monthly
statistics
business
uncategorized
december
recent
comments
archives
server
search
categories
proudly
wordpress
semantic
personal
publishing
platform
continue
permalink
robert
category
author
monthly
Content
Server
Header
Navigation
Masthead
Currently
Working
Developing
Statistics
Anything
Missing
Posted
Primary
Secondary
Wrapper
Powered
Wordpress
Colophon
Reading
Comments
Archive
Author
Website
Development
Nearly
Checking
Progress
Single
Avatar
Because
Perfect
Princess
Description
statisticses
businesses
uncategorizeds
contents
decembers
servers
recents
commentses
headers
archiveses
navigations
servers
mastheads
currentlies
workings
developings
statisticses
anythings
missings
posteds
primaries
searches
categorieses
secondaries
wrappers
proudlies
powereds
wordpresses
colophons
semantics
personals
publishings
platforms
continues
readings
permalinks
commentses
archives
authors
websites
developments
nearlies
roberts
checkings
progresses
singles
categories
authors
avatars
becauses
perfects
princesses
descriptions
monthlies
statistics1
business1
uncategorized1
content1
december1
server1
recent1
comments1
header1
archives1
navigation1
server1
masthead1
currently1
working1
developing1
statistics1
anything1
missing1
posted1
primary1
search1
categories1
secondary1
wrapper1
proudly1
powered1
wordpress1
colophon1
semantic1
personal1
publishing1
platform1
continue1
reading1
permalink1
comments1
archive1
author1
website1
development1
nearly1
robert1
checking1
progress1
single1
category1
author1
avatar1
because1
perfect1
princess1
description1
monthly1
Statistics1
Business1
Uncategorized1
Content1
December1
Server1
Recent1
Comments1
Header1
Archives1
Navigation1
Server1
Masthead1
Currently1
Working1
Developing1
Statistics1
Anything1
Missing1
Posted1
Primary1
Search1
Categories1
Secondary1
Wrapper1
Proudly1
Powered1
Wordpress1
Colophon1
Semantic1
Personal1
Publishing1
Platform1
Continue1
Reading1
Permalink1
Comments1
Archive1
Author1
Website1
Development1
Nearly1
Robert1
Checking1
Progress1
Single1
Category1
Author1
Avatar1
Because1
Perfect1
Princess1
Description1
Monthly1
serverserver
recentrecent
headerheader
serverserver
postedposted
searchsearch
authorauthor
nearlynearly
robertrobert
singlesingle
authorauthor
avataravatar
scitsitats
ssenisub
dezirogetacnu
tnetnoc
rebmeced
revres
tnecer
stnemmoc
redaeh
sevihcra
noitagivan
revres
daehtsam
yltnerruc
gnikrow
gnipoleved
scitsitats
gnihtyna
gnissim
detsop
yramirp
hcraes
seirogetac
yradnoces
repparw
ylduorp
derewop
sserpdrow
nohpoloc
citnames
lanosrep
gnihsilbup
mroftalp
eunitnoc
gnidaer
knilamrep
stnemmoc
evihcra
rohtua
etisbew
tnempoleved
ylraen
trebor
gnikcehc
ssergorp
elgnis
yrogetac
rohtua
ratava
esuaceb
tcefrep
ssecnirp
noitpircsed
ylhtnom
1statistics
1business
1uncategorized
1content
1december
1server
1recent
1comments
1header
1archives
1navigation
1server
1masthead
1currently
1working
1developing
1statistics
1anything
1missing
1posted
1primary
1search
1categories
1secondary
1wrapper
1proudly
1powered
1wordpress
1colophon
1semantic
1personal
1publishing
1platform
1continue
1reading
1permalink
1comments
1archive
1author
1website
1development
1nearly
1robert
1checking
1progress
1single
1category
1author
1avatar
1because
1perfect
1princess
1description
1monthly
STATISTICS
BUSINESS
UNCATEGORIZED
CONTENT
DECEMBER
SERVER
RECENT
COMMENTS
HEADER
ARCHIVES
NAVIGATION
SERVER
MASTHEAD
CURRENTLY
WORKING
DEVELOPING
STATISTICS
ANYTHING
MISSING
POSTED
PRIMARY
SEARCH
CATEGORIES
SECONDARY
WRAPPER
PROUDLY
POWERED
WORDPRESS
COLOPHON
SEMANTIC
PERSONAL
PUBLISHING
PLATFORM
CONTINUE
READING
PERMALINK
COMMENTS
ARCHIVE
AUTHOR
WEBSITE
DEVELOPMENT
NEARLY
ROBERT
CHECKING
PROGRESS
SINGLE
CATEGORY
AUTHOR
AVATAR
BECAUSE
PERFECT
PRINCESS
DESCRIPTION
MONTHLY
statistics2
business2
uncategorized2
content2
december2
server2
recent2
comments2
header2
archives2
navigation2
server2
masthead2
currently2
working2
developing2
statistics2
anything2
missing2
posted2
primary2
search2
categories2
secondary2
wrapper2
proudly2
powered2
wordpress2
colophon2
semantic2
personal2
publishing2
platform2
continue2
reading2
permalink2
comments2
archive2
author2
website2
development2
nearly2
robert2
checking2
progress2
single2
category2
author2
avatar2
because2
perfect2
princess2
description2
monthly2
statistics!
business!
uncategorized!
content!
december!
server!
recent!
comments!
header!
archives!
navigation!
server!
masthead!
currently!
working!
developing!
statistics!
anything!
missing!
posted!
primary!
search!
categories!
secondary!
wrapper!
proudly!
powered!
wordpress!
colophon!
semantic!
personal!
publishing!
platform!
continue!
reading!
permalink!
comments!
archive!
author!
website!
development!
nearly!
robert!
checking!
progress!
single!
category!
author!
avatar!
because!
perfect!
princess!
description!
monthly!
statistics3
business3
uncategorized3
content3
december3
server3
recent3
comments3
header3
archives3
navigation3
server3
masthead3
currently3
working3
developing3
statistics3
anything3
missing3
posted3
primary3
search3
categories3
secondary3
wrapper3
proudly3
powered3
wordpress3
colophon3
semantic3
personal3
publishing3
platform3
continue3
reading3
permalink3
comments3
archive3
author3
website3
development3
nearly3
robert3
checking3
progress3
single3
category3
author3
avatar3
because3
perfect3
princess3
description3
monthly3
statistics7
business7
uncategorized7
content7
december7
server7
recent7
comments7
header7
archives7
navigation7
server7
masthead7
currently7
working7
developing7
statistics7
anything7
missing7
posted7
primary7
search7
categories7
secondary7
wrapper7
proudly7
powered7
wordpress7
colophon7
semantic7
personal7
publishing7
platform7
continue7
reading7
permalink7
comments7
archive7
author7
website7
development7
nearly7
robert7
checking7
progress7
single7
category7
author7
avatar7
because7
perfect7
princess7
description7
monthly7
statistics9
business9
uncategorized9
content9
december9
server9
recent9
comments9
header9
archives9
navigation9
server9
masthead9
currently9
working9
developing9
statistics9
anything9
missing9
posted9
primary9
search9
categories9
secondary9
wrapper9
proudly9
powered9
wordpress9
colophon9
semantic9
personal9
publishing9
platform9
continue9
reading9
permalink9
comments9
archive9
author9
website9
development9
nearly9
robert9
checking9
progress9
single9
category9
author9
avatar9
because9
perfect9
princess9
description9
monthly9
statistics5
business5
uncategorized5
content5
december5
server5
recent5
comments5
header5
archives5
navigation5
server5
masthead5
currently5
working5
developing5
statistics5
anything5
missing5
posted5
primary5
search5
categories5
secondary5
wrapper5
proudly5
powered5
wordpress5
colophon5
semantic5
personal5
publishing5
platform5
continue5
reading5
permalink5
comments5
archive5
author5
website5
development5
nearly5
robert5
checking5
progress5
single5
category5
author5
avatar5
because5
perfect5
princess5
description5
monthly5
statistics4
business4
uncategorized4
content4
december4
server4
recent4
comments4
header4
archives4
navigation4
server4
masthead4
currently4
working4
developing4
statistics4
anything4
missing4
posted4
primary4
search4
categories4
secondary4
wrapper4
proudly4
powered4
wordpress4
colophon4
semantic4
personal4
publishing4
platform4
continue4
reading4
permalink4
comments4
archive4
author4
website4
development4
nearly4
robert4
checking4
progress4
single4
category4
author4
avatar4
because4
perfect4
princess4
description4
monthly4
statistics8
business8
uncategorized8
content8
december8
server8
recent8
comments8
header8
archives8
navigation8
server8
masthead8
currently8
working8
developing8
statistics8
anything8
missing8
posted8
primary8
search8
categories8
secondary8
wrapper8
proudly8
powered8
wordpress8
colophon8
semantic8
personal8
publishing8
platform8
continue8
reading8
permalink8
comments8
archive8
author8
website8
development8
nearly8
robert8
checking8
progress8
single8
category8
author8
avatar8
because8
perfect8
princess8
description8
monthly8
statistics6
business6
uncategorized6
content6
december6
server6
recent6
comments6
header6
archives6
navigation6
server6
masthead6
currently6
working6
developing6
statistics6
anything6
missing6
posted6
primary6
search6
categories6
secondary6
wrapper6
proudly6
powered6
wordpress6
colophon6
semantic6
personal6
publishing6
platform6
continue6
reading6
permalink6
comments6
archive6
author6
website6
development6
nearly6
robert6
checking6
progress6
single6
category6
author6
avatar6
because6
perfect6
princess6
description6
monthly6
statistics0
business0
uncategorized0
content0
december0
server0
recent0
comments0
header0
archives0
navigation0
server0
masthead0
currently0
working0
developing0
statistics0
anything0
missing0
posted0
primary0
search0
categories0
secondary0
wrapper0
proudly0
powered0
wordpress0
colophon0
semantic0
personal0
publishing0
platform0
continue0
reading0
permalink0
comments0
archive0
author0
website0
development0
nearly0
robert0
checking0
progress0
single0
category0
author0
avatar0
because0
perfect0
princess0
description0
monthly0
statistics.
business.
uncategorized.
content.
december.
server.
recent.
comments.
header.
archives.
navigation.
server.
masthead.
currently.
working.
developing.
statistics.
anything.
missing.
posted.
primary.
search.
categories.
secondary.
wrapper.
proudly.
powered.
wordpress.
colophon.
semantic.
personal.
publishing.
platform.
continue.
reading.
permalink.
comments.
archive.
author.
website.
development.
nearly.
robert.
checking.
progress.
single.
category.
author.
avatar.
because.
perfect.
princess.
description.
monthly.
statistics?
business?
uncategorized?
content?
december?
server?
recent?
comments?
header?
archives?
navigation?
server?
masthead?
currently?
working?
developing?
statistics?
anything?
missing?
posted?
primary?
search?
categories?
secondary?
wrapper?
proudly?
powered?
wordpress?
colophon?
semantic?
personal?
publishing?
platform?
continue?
reading?
permalink?
comments?
archive?
author?
website?
development?
nearly?
robert?
checking?
progress?
single?
category?
author?
avatar?
because?
perfect?
princess?
description?
monthly?
sttstcs
bsnss
nctgrzd
cntnt
dcmbr
srvr
rcnt
cmmnts
rchvs
nvgtn
srvr
msthd
crrntly
wrkng
dvlpng
sttstcs
nythng
mssng
pstd
prmry
srch
ctgrs
scndry
wrppr
prdly
pwrd
wrdprss
clphn
smntc
prsnl
pblshng
pltfrm
cntn
rdng
prmlnk
cmmnts
rchv
wbst
dvlpmnt
nrly
rbrt
chckng
prgrss
sngl
ctgry
prfct
prncss
dscrptn
mnthly
ServerServer
RecentRecent
HeaderHeader
ServerServer
PostedPosted
SearchSearch
AuthorAuthor
NearlyNearly
RobertRobert
SingleSingle
AuthorAuthor
AvatarAvatar
scitsitatS
ssenisuB
dezirogetacnU
tnetnoC
rebmeceD
revreS
tneceR
stnemmoC
redaeH
sevihcrA
noitagivaN
revreS
daehtsaM
yltnerruC
gnikroW
gnipoleveD
scitsitatS
gnihtynA
gnissiM
detsoP
yramirP
hcraeS
seirogetaC
yradnoceS
repparW
ylduorP
derewoP
sserpdroW
nohpoloC
citnameS
lanosreP
gnihsilbuP
mroftalP
eunitnoC
gnidaeR
knilamreP
stnemmoC
evihcrA
rohtuA
etisbeW
tnempoleveD
ylraeN
treboR
gnikcehC
ssergorP
elgniS
yrogetaC
rohtuA
ratavA
esuaceB
tcefreP
ssecnirP
noitpircseD
ylhtnoM
Scitsitats
Ssenisub
Dezirogetacnu
Tnetnoc
Rebmeced
Revres
Tnecer
Stnemmoc
Redaeh
Sevihcra
Noitagivan
Revres
Daehtsam
Yltnerruc
Gnikrow
Gnipoleved
Scitsitats
Gnihtyna
Gnissim
Detsop
Yramirp
Hcraes
Seirogetac
Yradnoces
Repparw
Ylduorp
Derewop
Sserpdrow
Nohpoloc
Citnames
Lanosrep
Gnihsilbup
Mroftalp
Eunitnoc
Gnidaer
Knilamrep
Stnemmoc
Evihcra
Rohtua
Etisbew
Tnempoleved
Ylraen
Trebor
Gnikcehc
Ssergorp
Elgnis
Yrogetac
Rohtua
Ratava
Esuaceb
Tcefrep
Ssecnirp
Noitpircsed
Ylhtnom
serverrevres
recenttnecer
headerredaeh
serverrevres
posteddetsop
searchhcraes
authorrohtua
nearlyylraen
roberttrebor
singleelgnis
authorrohtua
avatarratava
statisticS
businesS
uncategorizeD
contenT
decembeR
serveR
recenT
commentS
headeR
archiveS
navigatioN
serveR
mastheaD
currentlY
workinG
developinG
statisticS
anythinG
missinG
posteD
primarY
searcH
categorieS
secondarY
wrappeR
proudlY
powereD
wordpresS
colophoN
semantiC
personaL
publishinG
platforM
continuE
readinG
permalinK
commentS
archivE
authoR
websitE
developmenT
nearlY
roberT
checkinG
progresS
singlE
categorY
authoR
avataR
becausE
perfecT
princesS
descriptioN
monthlY
2statistics
2business
2uncategorized
2content
2december
2server
2recent
2comments
2header
2archives
2navigation
2server
2masthead
2currently
2working
2developing
2statistics
2anything
2missing
2posted
2primary
2search
2categories
2secondary
2wrapper
2proudly
2powered
2wordpress
2colophon
2semantic
2personal
2publishing
2platform
2continue
2reading
2permalink
2comments
2archive
2author
2website
2development
2nearly
2robert
2checking
2progress
2single
2category
2author
2avatar
2because
2perfect
2princess
2description
2monthly
4statistics
4business
4uncategorized
4content
4december
4server
4recent
4comments
4header
4archives
4navigation
4server
4masthead
4currently
4working
4developing
4statistics
4anything
4missing
4posted
4primary
4search
4categories
4secondary
4wrapper
4proudly
4powered
4wordpress
4colophon
4semantic
4personal
4publishing
4platform
4continue
4reading
4permalink
4comments
4archive
4author
4website
4development
4nearly
4robert
4checking
4progress
4single
4category
4author
4avatar
4because
4perfect
4princess
4description
4monthly
Statistics2
Business2
Uncategorized2
Content2
December2
Server2
Recent2
Comments2
Header2
Archives2
Navigation2
Server2
Masthead2
Currently2
Working2
Developing2
Statistics2
Anything2
Missing2
Posted2
Primary2
Search2
Categories2
Secondary2
Wrapper2
Proudly2
Powered2
Wordpress2
Colophon2
Semantic2
Personal2
Publishing2
Platform2
Continue2
Reading2
Permalink2
Comments2
Archive2
Author2
Website2
Development2
Nearly2
Robert2
Checking2
Progress2
Single2
Category2
Author2
Avatar2
Because2
Perfect2
Princess2
Description2
Monthly2
Statistics!
Business!
Uncategorized!
Content!
December!
Server!
Recent!
Comments!
Header!
Archives!
Navigation!
Server!
Masthead!
Currently!
Working!
Developing!
Statistics!
Anything!
Missing!
Posted!
Primary!
Search!
Categories!
Secondary!
Wrapper!
Proudly!
Powered!
Wordpress!
Colophon!
Semantic!
Personal!
Publishing!
Platform!
Continue!
Reading!
Permalink!
Comments!
Archive!
Author!
Website!
Development!
Nearly!
Robert!
Checking!
Progress!
Single!
Category!
Author!
Avatar!
Because!
Perfect!
Princess!
Description!
Monthly!
Statistics3
Business3
Uncategorized3
Content3
December3
Server3
Recent3
Comments3
Header3
Archives3
Navigation3
Server3
Masthead3
Currently3
Working3
Developing3
Statistics3
Anything3
Missing3
Posted3
Primary3
Search3
Categories3
Secondary3
Wrapper3
Proudly3
Powered3
Wordpress3
Colophon3
Semantic3
Personal3
Publishing3
Platform3
Continue3
Reading3
Permalink3
Comments3
Archive3
Author3
Website3
Development3
Nearly3
Robert3
Checking3
Progress3
Single3
Category3
Author3
Avatar3
Because3
Perfect3
Princess3
Description3
Monthly3
Statistics9
Business9
Uncategorized9
Content9
December9
Server9
Recent9
Comments9
Header9
Archives9
Navigation9
Server9
Masthead9
Currently9
Working9
Developing9
Statistics9
Anything9
Missing9
Posted9
Primary9
Search9
Categories9
Secondary9
Wrapper9
Proudly9
Powered9
Wordpress9
Colophon9
Semantic9
Personal9
Publishing9
Platform9
Continue9
Reading9
Permalink9
Comments9
Archive9
Author9
Website9
Development9
Nearly9
Robert9
Checking9
Progress9
Single9
Category9
Author9
Avatar9
Because9
Perfect9
Princess9
Description9
Monthly9
Statistics5
Business5
Uncategorized5
Content5
December5
Server5
Recent5
Comments5
Header5
Archives5
Navigation5
Server5
Masthead5
Currently5
Working5
Developing5
Statistics5
Anything5
Missing5
Posted5
Primary5
Search5
Categories5
Secondary5
Wrapper5
Proudly5
Powered5
Wordpress5
Colophon5
Semantic5
Personal5
Publishing5
Platform5
Continue5
Reading5
Permalink5
Comments5
Archive5
Author5
Website5
Development5
Nearly5
Robert5
Checking5
Progress5
Single5
Category5
Author5
Avatar5
Because5
Perfect5
Princess5
Description5
Monthly5
Statistics7
Business7
Uncategorized7
Content7
December7
Server7
Recent7
Comments7
Header7
Archives7
Navigation7
Server7
Masthead7
Currently7
Working7
Developing7
Statistics7
Anything7
Missing7
Posted7
Primary7
Search7
Categories7
Secondary7
Wrapper7
Proudly7
Powered7
Wordpress7
Colophon7
Semantic7
Personal7
Publishing7
Platform7
Continue7
Reading7
Permalink7
Comments7
Archive7
Author7
Website7
Development7
Nearly7
Robert7
Checking7
Progress7
Single7
Category7
Author7
Avatar7
Because7
Perfect7
Princess7
Description7
Monthly7
Statistics4
Business4
Uncategorized4
Content4
December4
Server4
Recent4
Comments4
Header4
Archives4
Navigation4
Server4
Masthead4
Currently4
Working4
Developing4
Statistics4
Anything4
Missing4
Posted4
Primary4
Search4
Categories4
Secondary4
Wrapper4
Proudly4
Powered4
Wordpress4
Colophon4
Semantic4
Personal4
Publishing4
Platform4
Continue4
Reading4
Permalink4
Comments4
Archive4
Author4
Website4
Development4
Nearly4
Robert4
Checking4
Progress4
Single4
Category4
Author4
Avatar4
Because4
Perfect4
Princess4
Description4
Monthly4
Statistics6
Business6
Uncategorized6
Content6
December6
Server6
Recent6
Comments6
Header6
Archives6
Navigation6
Server6
Masthead6
Currently6
Working6
Developing6
Statistics6
Anything6
Missing6
Posted6
Primary6
Search6
Categories6
Secondary6
Wrapper6
Proudly6
Powered6
Wordpress6
Colophon6
Semantic6
Personal6
Publishing6
Platform6
Continue6
Reading6
Permalink6
Comments6
Archive6
Author6
Website6
Development6
Nearly6
Robert6
Checking6
Progress6
Single6
Category6
Author6
Avatar6
Because6
Perfect6
Princess6
Description6
Monthly6
Statistics8
Business8
Uncategorized8
Content8
December8
Server8
Recent8
Comments8
Header8
Archives8
Navigation8
Server8
Masthead8
Currently8
Working8
Developing8
Statistics8
Anything8
Missing8
Posted8
Primary8
Search8
Categories8
Secondary8
Wrapper8
Proudly8
Powered8
Wordpress8
Colophon8
Semantic8
Personal8
Publishing8
Platform8
Continue8
Reading8
Permalink8
Comments8
Archive8
Author8
Website8
Development8
Nearly8
Robert8
Checking8
Progress8
Single8
Category8
Author8
Avatar8
Because8
Perfect8
Princess8
Description8
Monthly8
Statistics.
Business.
Uncategorized.
Content.
December.
Server.
Recent.
Comments.
Header.
Archives.
Navigation.
Server.
Masthead.
Currently.
Working.
Developing.
Statistics.
Anything.
Missing.
Posted.
Primary.
Search.
Categories.
Secondary.
Wrapper.
Proudly.
Powered.
Wordpress.
Colophon.
Semantic.
Personal.
Publishing.
Platform.
Continue.
Reading.
Permalink.
Comments.
Archive.
Author.
Website.
Development.
Nearly.
Robert.
Checking.
Progress.
Single.
Category.
Author.
Avatar.
Because.
Perfect.
Princess.
Description.
Monthly.
Statistics?
Business?
Uncategorized?
Content?
December?
Server?
Recent?
Comments?
Header?
Archives?
Navigation?
Server?
Masthead?
Currently?
Working?
Developing?
Statistics?
Anything?
Missing?
Posted?
Primary?
Search?
Categories?
Secondary?
Wrapper?
Proudly?
Powered?
Wordpress?
Colophon?
Semantic?
Personal?
Publishing?
Platform?
Continue?
Reading?
Permalink?
Comments?
Archive?
Author?
Website?
Development?
Nearly?
Robert?
Checking?
Progress?
Single?
Category?
Author?
Avatar?
Because?
Perfect?
Princess?
Description?
Monthly?
Statistics0
Business0
Uncategorized0
Content0
December0
Server0
Recent0
Comments0
Header0
Archives0
Navigation0
Server0
Masthead0
Currently0
Working0
Developing0
Statistics0
Anything0
Missing0
Posted0
Primary0
Search0
Categories0
Secondary0
Wrapper0
Proudly0
Powered0
Wordpress0
Colophon0
Semantic0
Personal0
Publishing0
Platform0
Continue0
Reading0
Permalink0
Comments0
Archive0
Author0
Website0
Development0
Nearly0
Robert0
Checking0
Progress0
Single0
Category0
Author0
Avatar0
Because0
Perfect0
Princess0
Description0
Monthly0
3statistics
3business
3uncategorized
3content
3december
3server
3recent
3comments
3header
3archives
3navigation
3server
3masthead
3currently
3working
3developing
3statistics
3anything
3missing
3posted
3primary
3search
3categories
3secondary
3wrapper
3proudly
3powered
3wordpress
3colophon
3semantic
3personal
3publishing
3platform
3continue
3reading
3permalink
3comments
3archive
3author
3website
3development
3nearly
3robert
3checking
3progress
3single
3category
3author
3avatar
3because
3perfect
3princess
3description
3monthly
7statistics
7business
7uncategorized
7content
7december
7server
7recent
7comments
7header
7archives
7navigation
7server
7masthead
7currently
7working
7developing
7statistics
7anything
7missing
7posted
7primary
7search
7categories
7secondary
7wrapper
7proudly
7powered
7wordpress
7colophon
7semantic
7personal
7publishing
7platform
7continue
7reading
7permalink
7comments
7archive
7author
7website
7development
7nearly
7robert
7checking
7progress
7single
7category
7author
7avatar
7because
7perfect
7princess
7description
7monthly
9statistics
9business
9uncategorized
9content
9december
9server
9recent
9comments
9header
9archives
9navigation
9server
9masthead
9currently
9working
9developing
9statistics
9anything
9missing
9posted
9primary
9search
9categories
9secondary
9wrapper
9proudly
9powered
9wordpress
9colophon
9semantic
9personal
9publishing
9platform
9continue
9reading
9permalink
9comments
9archive
9author
9website
9development
9nearly
9robert
9checking
9progress
9single
9category
9author
9avatar
9because
9perfect
9princess
9description
9monthly
5statistics
5business
5uncategorized
5content
5december
5server
5recent
5comments
5header
5archives
5navigation
5server
5masthead
5currently
5working
5developing
5statistics
5anything
5missing
5posted
5primary
5search
5categories
5secondary
5wrapper
5proudly
5powered
5wordpress
5colophon
5semantic
5personal
5publishing
5platform
5continue
5reading
5permalink
5comments
5archive
5author
5website
5development
5nearly
5robert
5checking
5progress
5single
5category
5author
5avatar
5because
5perfect
5princess
5description
5monthly
6statistics
6business
6uncategorized
6content
6december
6server
6recent
6comments
6header
6archives
6navigation
6server
6masthead
6currently
6working
6developing
6statistics
6anything
6missing
6posted
6primary
6search
6categories
6secondary
6wrapper
6proudly
6powered
6wordpress
6colophon
6semantic
6personal
6publishing
6platform
6continue
6reading
6permalink
6comments
6archive
6author
6website
6development
6nearly
6robert
6checking
6progress
6single
6category
6author
6avatar
6because
6perfect
6princess
6description
6monthly
8statistics
8business
8uncategorized
8content
8december
8server
8recent
8comments
8header
8archives
8navigation
8server
8masthead
8currently
8working
8developing
8statistics
8anything
8missing
8posted
8primary
8search
8categories
8secondary
8wrapper
8proudly
8powered
8wordpress
8colophon
8semantic
8personal
8publishing
8platform
8continue
8reading
8permalink
8comments
8archive
8author
8website
8development
8nearly
8robert
8checking
8progress
8single
8category
8author
8avatar
8because
8perfect
8princess
8description
8monthly
Statisticses
Businesses
Uncategorizeds
Contents
Decembers
Servers
Recents
Commentses
Headers
Archiveses
Navigations
Servers
Mastheads
Currentlies
Workings
Developings
Statisticses
Anythings
Missings
Posteds
Primaries
Searches
Categorieses
Secondaries
Wrappers
Proudlies
Powereds
Wordpresses
Colophons
Semantics
Personals
Publishings
Platforms
Continues
Readings
Permalinks
Commentses
Archives
Authors
Websites
Developments
Nearlies
Roberts
Checkings
Progresses
Singles
Categories
Authors
Avatars
Becauses
Perfects
Princesses
Descriptions
Monthlies
statisticsed
businessed
contented
decembered
servered
recented
commentsed
headered
archivesed
navigationed
servered
mastheaded
currentlied
workingged
developingged
statisticsed
anythingged
missingged
primaried
searched
categoriesed
secondaried
wrappered
proudlied
wordpressed
colophoned
semanticed
personaled
publishingged
platformed
continued
readingged
permalinked
commentsed
archived
authored
websited
developmented
nearlied
roberted
checkingged
progressed
singled
categoried
authored
avatared
becaused
perfected
princessed
descriptioned
monthlied
statisticsing
businessing
uncategorizeding
contenting
decembering
servering
recenting
commentsing
headering
archivesing
navigationing
servering
mastheading
currentlying
statisticsing
posteding
primarying
searching
categoriesing
secondarying
wrappering
proudlying
powereding
wordpressing
colophoning
semanticing
personaling
platforming
continuing
permalinking
commentsing
archiving
authoring
websiting
developmenting
nearlying
roberting
progressing
singling
categorying
authoring
avataring
becausing
perfecting
princessing
descriptioning
monthlying
Statisticsed
Businessed
Contented
Decembered
Servered
Recented
Commentsed
Headered
Archivesed
Navigationed
Servered
Mastheaded
Currentlied
Workingged
Developingged
Statisticsed
Anythingged
Missingged
Primaried
Searched
Categoriesed
Secondaried
Wrappered
Proudlied
Wordpressed
Colophoned
Semanticed
Personaled
Publishingged
Platformed
Continued
Readingged
Permalinked
Commentsed
Archived
Authored
Websited
Developmented
Nearlied
Roberted
Checkingged
Progressed
Singled
Categoried
Authored
Avatared
Becaused
Perfected
Princessed
Descriptioned
Monthlied
Statisticsing
Businessing
Uncategorizeding
Contenting
Decembering
Servering
Recenting
Commentsing
Headering
Archivesing
Navigationing
Servering
Mastheading
Currentlying
Statisticsing
Posteding
Primarying
Searching
Categoriesing
Secondarying
Wrappering
Proudlying
Powereding
Wordpressing
Colophoning
Semanticing
Personaling
Platforming
Continuing
Permalinking
Commentsing
Archiving
Authoring
Websiting
Developmenting
Nearlying
Roberting
Progressing
Singling
Categorying
Authoring
Avataring
Becausing
Perfecting
Princessing
Descriptioning
Monthlying
Statistics00
Business00
Uncategorized00
content00
December00
server00
Recent00
Comments00
header00
Archives00
navigation00
Server00
masthead00
currently00
working00
developing00
statistics00
anything00
missing00
posted00
primary00
Search00
Categories00
secondary00
wrapper00
Proudly00
powered00
WordPress00
colophon00
Semantic00
Personal00
Publishing00
Platform00
Continue00
reading00
Permalink00
comments00
archive00
author00
website00
development00
nearly00
Robert00
checking00
progress00
single00
Category00
Author00
avatar00
because00
perfect00
princess00
description00
Monthly00
Statistics01
Business01
Uncategorized01
content01
December01
server01
Recent01
Comments01
header01
Archives01
navigation01
Server01
masthead01
currently01
working01
developing01
statistics01
anything01
missing01
posted01
primary01
Search01
Categories01
secondary01
wrapper01
Proudly01
powered01
WordPress01
colophon01
Semantic01
Personal01
Publishing01
Platform01
Continue01
reading01
Permalink01
comments01
archive01
author01
website01
development01
nearly01
Robert01
checking01
progress01
single01
Category01
Author01
avatar01
because01
perfect01
princess01
description01
Monthly01
Statistics02
Business02
Uncategorized02
content02
December02
server02
Recent02
Comments02
header02
Archives02
navigation02
Server02
masthead02
currently02
working02
developing02
statistics02
anything02
missing02
posted02
primary02
Search02
Categories02
secondary02
wrapper02
Proudly02
powered02
WordPress02
colophon02
Semantic02
Personal02
Publishing02
Platform02
Continue02
reading02
Permalink02
comments02
archive02
author02
website02
development02
nearly02
Robert02
checking02
progress02
single02
Category02
Author02
avatar02
because02
perfect02
princess02
description02
Monthly02
Statistics03
Business03
Uncategorized03
content03
December03
server03
Recent03
Comments03
header03
Archives03
navigation03
Server03
masthead03
currently03
working03
developing03
statistics03
anything03
missing03
posted03
primary03
Search03
Categories03
secondary03
wrapper03
Proudly03
powered03
WordPress03
colophon03
Semantic03
Personal03
Publishing03
Platform03
Continue03
reading03
Permalink03
comments03
archive03
author03
website03
development03
nearly03
Robert03
checking03
progress03
single03
Category03
Author03
avatar03
because03
perfect03
princess03
description03
Monthly03
Statistics04
Business04
Uncategorized04
content04
December04
server04
Recent04
Comments04
header04
Archives04
navigation04
Server04
masthead04
currently04
working04
developing04
statistics04
anything04
missing04
posted04
primary04
Search04
Categories04
secondary04
wrapper04
Proudly04
powered04
WordPress04
colophon04
Semantic04
Personal04
Publishing04
Platform04
Continue04
reading04
Permalink04
comments04
archive04
author04
website04
development04
nearly04
Robert04
checking04
progress04
single04
Category04
Author04
avatar04
because04
perfect04
princess04
description04
Monthly04
Statistics05
Business05
Uncategorized05
content05
December05
server05
Recent05
Comments05
header05
Archives05
navigation05
Server05
masthead05
currently05
working05
developing05
statistics05
anything05
missing05
posted05
primary05
Search05
Categories05
secondary05
wrapper05
Proudly05
powered05
WordPress05
colophon05
Semantic05
Personal05
Publishing05
Platform05
Continue05
reading05
Permalink05
comments05
archive05
author05
website05
development05
nearly05
Robert05
checking05
progress05
single05
Category05
Author05
avatar05
because05
perfect05
princess05
description05
Monthly05
Statistics06
Business06
Uncategorized06
content06
December06
server06
Recent06
Comments06
header06
Archives06
navigation06
Server06
masthead06
currently06
working06
developing06
statistics06
anything06
missing06
posted06
primary06
Search06
Categories06
secondary06
wrapper06
Proudly06
powered06
WordPress06
colophon06
Semantic06
Personal06
Publishing06
Platform06
Continue06
reading06
Permalink06
comments06
archive06
author06
website06
development06
nearly06
Robert06
checking06
progress06
single06
Category06
Author06
avatar06
because06
perfect06
princess06
description06
Monthly06
Statistics07
Business07
Uncategorized07
content07
December07
server07
Recent07
Comments07
header07
Archives07
navigation07
Server07
masthead07
currently07
working07
developing07
statistics07
anything07
missing07
posted07
primary07
Search07
Categories07
secondary07
wrapper07
Proudly07
powered07
WordPress07
colophon07
Semantic07
Personal07
Publishing07
Platform07
Continue07
reading07
Permalink07
comments07
archive07
author07
website07
development07
nearly07
Robert07
checking07
progress07
single07
Category07
Author07
avatar07
because07
perfect07
princess07
description07
Monthly07
Statistics08
Business08
Uncategorized08
content08
December08
server08
Recent08
Comments08
header08
Archives08
navigation08
Server08
masthead08
currently08
working08
developing08
statistics08
anything08
missing08
posted08
primary08
Search08
Categories08
secondary08
wrapper08
Proudly08
powered08
WordPress08
colophon08
Semantic08
Personal08
Publishing08
Platform08
Continue08
reading08
Permalink08
comments08
archive08
author08
website08
development08
nearly08
Robert08
checking08
progress08
single08
Category08
Author08
avatar08
because08
perfect08
princess08
description08
Monthly08
Statistics09
Business09
Uncategorized09
content09
December09
server09
Recent09
Comments09
header09
Archives09
navigation09
Server09
masthead09
currently09
working09
developing09
statistics09
anything09
missing09
posted09
primary09
Search09
Categories09
secondary09
wrapper09
Proudly09
powered09
WordPress09
colophon09
Semantic09
Personal09
Publishing09
Platform09
Continue09
reading09
Permalink09
comments09
archive09
author09
website09
development09
nearly09
Robert09
checking09
progress09
single09
Category09
Author09
avatar09
because09
perfect09
princess09
description09
Monthly09
Statistics10
Business10
Uncategorized10
content10
December10
server10
Recent10
Comments10
header10
Archives10
navigation10
Server10
masthead10
currently10
working10
developing10
statistics10
anything10
missing10
posted10
primary10
Search10
Categories10
secondary10
wrapper10
Proudly10
powered10
WordPress10
colophon10
Semantic10
Personal10
Publishing10
Platform10
Continue10
reading10
Permalink10
comments10
archive10
author10
website10
development10
nearly10
Robert10
checking10
progress10
single10
Category10
Author10
avatar10
because10
perfect10
princess10
description10
Monthly10
Statistics11
Business11
Uncategorized11
content11
December11
server11
Recent11
Comments11
header11
Archives11
navigation11
Server11
masthead11
currently11
working11
developing11
statistics11
anything11
missing11
posted11
primary11
Search11
Categories11
secondary11
wrapper11
Proudly11
powered11
WordPress11
colophon11
Semantic11
Personal11
Publishing11
Platform11
Continue11
reading11
Permalink11
comments11
archive11
author11
website11
development11
nearly11
Robert11
checking11
progress11
single11
Category11
Author11
avatar11
because11
perfect11
princess11
description11
Monthly11
Statistics12
Business12
Uncategorized12
content12
December12
server12
Recent12
Comments12
header12
Archives12
navigation12
Server12
masthead12
currently12
working12
developing12
statistics12
anything12
missing12
posted12
primary12
Search12
Categories12
secondary12
wrapper12
Proudly12
powered12
WordPress12
colophon12
Semantic12
Personal12
Publishing12
Platform12
Continue12
reading12
Permalink12
comments12
archive12
author12
website12
development12
nearly12
Robert12
checking12
progress12
single12
Category12
Author12
avatar12
because12
perfect12
princess12
description12
Monthly12
Statistics13
Business13
Uncategorized13
content13
December13
server13
Recent13
Comments13
header13
Archives13
navigation13
Server13
masthead13
currently13
working13
developing13
statistics13
anything13
missing13
posted13
primary13
Search13
Categories13
secondary13
wrapper13
Proudly13
powered13
WordPress13
colophon13
Semantic13
Personal13
Publishing13
Platform13
Continue13
reading13
Permalink13
comments13
archive13
author13
website13
development13
nearly13
Robert13
checking13
progress13
single13
Category13
Author13
avatar13
because13
perfect13
princess13
description13
Monthly13
Statistics14
Business14
Uncategorized14
content14
December14
server14
Recent14
Comments14
header14
Archives14
navigation14
Server14
masthead14
currently14
working14
developing14
statistics14
anything14
missing14
posted14
primary14
Search14
Categories14
secondary14
wrapper14
Proudly14
powered14
WordPress14
colophon14
Semantic14
Personal14
Publishing14
Platform14
Continue14
reading14
Permalink14
comments14
archive14
author14
website14
development14
nearly14
Robert14
checking14
progress14
single14
Category14
Author14
avatar14
because14
perfect14
princess14
description14
Monthly14
Statistics15
Business15
Uncategorized15
content15
December15
server15
Recent15
Comments15
header15
Archives15
navigation15
Server15
masthead15
currently15
working15
developing15
statistics15
anything15
missing15
posted15
primary15
Search15
Categories15
secondary15
wrapper15
Proudly15
powered15
WordPress15
colophon15
Semantic15
Personal15
Publishing15
Platform15
Continue15
reading15
Permalink15
comments15
archive15
author15
website15
development15
nearly15
Robert15
checking15
progress15
single15
Category15
Author15
avatar15
because15
perfect15
princess15
description15
Monthly15
Statistics16
Business16
Uncategorized16
content16
December16
server16
Recent16
Comments16
header16
Archives16
navigation16
Server16
masthead16
currently16
working16
developing16
statistics16
anything16
missing16
posted16
primary16
Search16
Categories16
secondary16
wrapper16
Proudly16
powered16
WordPress16
colophon16
Semantic16
Personal16
Publishing16
Platform16
Continue16
reading16
Permalink16
comments16
archive16
author16
website16
development16
nearly16
Robert16
checking16
progress16
single16
Category16
Author16
avatar16
because16
perfect16
princess16
description16
Monthly16
Statistics17
Business17
Uncategorized17
content17
December17
server17
Recent17
Comments17
header17
Archives17
navigation17
Server17
masthead17
currently17
working17
developing17
statistics17
anything17
missing17
posted17
primary17
Search17
Categories17
secondary17
wrapper17
Proudly17
powered17
WordPress17
colophon17
Semantic17
Personal17
Publishing17
Platform17
Continue17
reading17
Permalink17
comments17
archive17
author17
website17
development17
nearly17
Robert17
checking17
progress17
single17
Category17
Author17
avatar17
because17
perfect17
princess17
description17
Monthly17
Statistics18
Business18
Uncategorized18
content18
December18
server18
Recent18
Comments18
header18
Archives18
navigation18
Server18
masthead18
currently18
working18
developing18
statistics18
anything18
missing18
posted18
primary18
Search18
Categories18
secondary18
wrapper18
Proudly18
powered18
WordPress18
colophon18
Semantic18
Personal18
Publishing18
Platform18
Continue18
reading18
Permalink18
comments18
archive18
author18
website18
development18
nearly18
Robert18
checking18
progress18
single18
Category18
Author18
avatar18
because18
perfect18
princess18
description18
Monthly18
Statistics19
Business19
Uncategorized19
content19
December19
server19
Recent19
Comments19
header19
Archives19
navigation19
Server19
masthead19
currently19
working19
developing19
statistics19
anything19
missing19
posted19
primary19
Search19
Categories19
secondary19
wrapper19
Proudly19
powered19
WordPress19
colophon19
Semantic19
Personal19
Publishing19
Platform19
Continue19
reading19
Permalink19
comments19
archive19
author19
website19
development19
nearly19
Robert19
checking19
progress19
single19
Category19
Author19
avatar19
because19
perfect19
princess19
description19
Monthly19
Statistics20
Business20
Uncategorized20
content20
December20
server20
Recent20
Comments20
header20
Archives20
navigation20
Server20
masthead20
currently20
working20
developing20
statistics20
anything20
missing20
posted20
primary20
Search20
Categories20
secondary20
wrapper20
Proudly20
powered20
WordPress20
colophon20
Semantic20
Personal20
Publishing20
Platform20
Continue20
reading20
Permalink20
comments20
archive20
author20
website20
development20
nearly20
Robert20
checking20
progress20
single20
Category20
Author20
avatar20
because20
perfect20
princess20
description20
Monthly20
Statistics21
Business21
Uncategorized21
content21
December21
server21
Recent21
Comments21
header21
Archives21
navigation21
Server21
masthead21
currently21
working21
developing21
statistics21
anything21
missing21
posted21
primary21
Search21
Categories21
secondary21
wrapper21
Proudly21
powered21
WordPress21
colophon21
Semantic21
Personal21
Publishing21
Platform21
Continue21
reading21
Permalink21
comments21
archive21
author21
website21
development21
nearly21
Robert21
checking21
progress21
single21
Category21
Author21
avatar21
because21
perfect21
princess21
description21
Monthly21
Statistics22
Business22
Uncategorized22
content22
December22
server22
Recent22
Comments22
header22
Archives22
navigation22
Server22
masthead22
currently22
working22
developing22
statistics22
anything22
missing22
posted22
primary22
Search22
Categories22
secondary22
wrapper22
Proudly22
powered22
WordPress22
colophon22
Semantic22
Personal22
Publishing22
Platform22
Continue22
reading22
Permalink22
comments22
archive22
author22
website22
development22
nearly22
Robert22
checking22
progress22
single22
Category22
Author22
avatar22
because22
perfect22
princess22
description22
Monthly22
Statistics23
Business23
Uncategorized23
content23
December23
server23
Recent23
Comments23
header23
Archives23
navigation23
Server23
masthead23
currently23
working23
developing23
statistics23
anything23
missing23
posted23
primary23
Search23
Categories23
secondary23
wrapper23
Proudly23
powered23
WordPress23
colophon23
Semantic23
Personal23
Publishing23
Platform23
Continue23
reading23
Permalink23
comments23
archive23
author23
website23
development23
nearly23
Robert23
checking23
progress23
single23
Category23
Author23
avatar23
because23
perfect23
princess23
description23
Monthly23
Statistics24
Business24
Uncategorized24
content24
December24
server24
Recent24
Comments24
header24
Archives24
navigation24
Server24
masthead24
currently24
working24
developing24
statistics24
anything24
missing24
posted24
primary24
Search24
Categories24
secondary24
wrapper24
Proudly24
powered24
WordPress24
colophon24
Semantic24
Personal24
Publishing24
Platform24
Continue24
reading24
Permalink24
comments24
archive24
author24
website24
development24
nearly24
Robert24
checking24
progress24
single24
Category24
Author24
avatar24
because24
perfect24
princess24
description24
Monthly24
Statistics25
Business25
Uncategorized25
content25
December25
server25
Recent25
Comments25
header25
Archives25
navigation25
Server25
masthead25
currently25
working25
developing25
statistics25
anything25
missing25
posted25
primary25
Search25
Categories25
secondary25
wrapper25
Proudly25
powered25
WordPress25
colophon25
Semantic25
Personal25
Publishing25
Platform25
Continue25
reading25
Permalink25
comments25
archive25
author25
website25
development25
nearly25
Robert25
checking25
progress25
single25
Category25
Author25
avatar25
because25
perfect25
princess25
description25
Monthly25
Statistics26
Business26
Uncategorized26
content26
December26
server26
Recent26
Comments26
header26
Archives26
navigation26
Server26
masthead26
currently26
working26
developing26
statistics26
anything26
missing26
posted26
primary26
Search26
Categories26
secondary26
wrapper26
Proudly26
powered26
WordPress26
colophon26
Semantic26
Personal26
Publishing26
Platform26
Continue26
reading26
Permalink26
comments26
archive26
author26
website26
development26
nearly26
Robert26
checking26
progress26
single26
Category26
Author26
avatar26
because26
perfect26
princess26
description26
Monthly26
Statistics27
Business27
Uncategorized27
content27
December27
server27
Recent27
Comments27
header27
Archives27
navigation27
Server27
masthead27
currently27
working27
developing27
statistics27
anything27
missing27
posted27
primary27
Search27
Categories27
secondary27
wrapper27
Proudly27
powered27
WordPress27
colophon27
Semantic27
Personal27
Publishing27
Platform27
Continue27
reading27
Permalink27
comments27
archive27
author27
website27
development27
nearly27
Robert27
checking27
progress27
single27
Category27
Author27
avatar27
because27
perfect27
princess27
description27
Monthly27
Statistics28
Business28
Uncategorized28
content28
December28
server28
Recent28
Comments28
header28
Archives28
navigation28
Server28
masthead28
currently28
working28
developing28
statistics28
anything28
missing28
posted28
primary28
Search28
Categories28
secondary28
wrapper28
Proudly28
powered28
WordPress28
colophon28
Semantic28
Personal28
Publishing28
Platform28
Continue28
reading28
Permalink28
comments28
archive28
author28
website28
development28
nearly28
Robert28
checking28
progress28
single28
Category28
Author28
avatar28
because28
perfect28
princess28
description28
Monthly28
Statistics29
Business29
Uncategorized29
content29
December29
server29
Recent29
Comments29
header29
Archives29
navigation29
Server29
masthead29
currently29
working29
developing29
statistics29
anything29
missing29
posted29
primary29
Search29
Categories29
secondary29
wrapper29
Proudly29
powered29
WordPress29
colophon29
Semantic29
Personal29
Publishing29
Platform29
Continue29
reading29
Permalink29
comments29
archive29
author29
website29
development29
nearly29
Robert29
checking29
progress29
single29
Category29
Author29
avatar29
because29
perfect29
princess29
description29
Monthly29
Statistics30
Business30
Uncategorized30
content30
December30
server30
Recent30
Comments30
header30
Archives30
navigation30
Server30
masthead30
currently30
working30
developing30
statistics30
anything30
missing30
posted30
primary30
Search30
Categories30
secondary30
wrapper30
Proudly30
powered30
WordPress30
colophon30
Semantic30
Personal30
Publishing30
Platform30
Continue30
reading30
Permalink30
comments30
archive30
author30
website30
development30
nearly30
Robert30
checking30
progress30
single30
Category30
Author30
avatar30
because30
perfect30
princess30
description30
Monthly30
Statistics31
Business31
Uncategorized31
content31
December31
server31
Recent31
Comments31
header31
Archives31
navigation31
Server31
masthead31
currently31
working31
developing31
statistics31
anything31
missing31
posted31
primary31
Search31
Categories31
secondary31
wrapper31
Proudly31
powered31
WordPress31
colophon31
Semantic31
Personal31
Publishing31
Platform31
Continue31
reading31
Permalink31
comments31
archive31
author31
website31
development31
nearly31
Robert31
checking31
progress31
single31
Category31
Author31
avatar31
because31
perfect31
princess31
description31
Monthly31
Statistics32
Business32
Uncategorized32
content32
December32
server32
Recent32
Comments32
header32
Archives32
navigation32
Server32
masthead32
currently32
working32
developing32
statistics32
anything32
missing32
posted32
primary32
Search32
Categories32
secondary32
wrapper32
Proudly32
powered32
WordPress32
colophon32
Semantic32
Personal32
Publishing32
Platform32
Continue32
reading32
Permalink32
comments32
archive32
author32
website32
development32
nearly32
Robert32
checking32
progress32
single32
Category32
Author32
avatar32
because32
perfect32
princess32
description32
Monthly32
Statistics33
Business33
Uncategorized33
content33
December33
server33
Recent33
Comments33
header33
Archives33
navigation33
Server33
masthead33
currently33
working33
developing33
statistics33
anything33
missing33
posted33
primary33
Search33
Categories33
secondary33
wrapper33
Proudly33
powered33
WordPress33
colophon33
Semantic33
Personal33
Publishing33
Platform33
Continue33
reading33
Permalink33
comments33
archive33
author33
website33
development33
nearly33
Robert33
checking33
progress33
single33
Category33
Author33
avatar33
because33
perfect33
princess33
description33
Monthly33
Statistics34
Business34
Uncategorized34
content34
December34
server34
Recent34
Comments34
header34
Archives34
navigation34
Server34
masthead34
currently34
working34
developing34
statistics34
anything34
missing34
posted34
primary34
Search34
Categories34
secondary34
wrapper34
Proudly34
powered34
WordPress34
colophon34
Semantic34
Personal34
Publishing34
Platform34
Continue34
reading34
Permalink34
comments34
archive34
author34
website34
development34
nearly34
Robert34
checking34
progress34
single34
Category34
Author34
avatar34
because34
perfect34
princess34
description34
Monthly34
Statistics35
Business35
Uncategorized35
content35
December35
server35
Recent35
Comments35
header35
Archives35
navigation35
Server35
masthead35
currently35
working35
developing35
statistics35
anything35
missing35
posted35
primary35
Search35
Categories35
secondary35
wrapper35
Proudly35
powered35
WordPress35
colophon35
Semantic35
Personal35
Publishing35
Platform35
Continue35
reading35
Permalink35
comments35
archive35
author35
website35
development35
nearly35
Robert35
checking35
progress35
single35
Category35
Author35
avatar35
because35
perfect35
princess35
description35
Monthly35
Statistics36
Business36
Uncategorized36
content36
December36
server36
Recent36
Comments36
header36
Archives36
navigation36
Server36
masthead36
currently36
working36
developing36
statistics36
anything36
missing36
posted36
primary36
Search36
Categories36
secondary36
wrapper36
Proudly36
powered36
WordPress36
colophon36
Semantic36
Personal36
Publishing36
Platform36
Continue36
reading36
Permalink36
comments36
archive36
author36
website36
development36
nearly36
Robert36
checking36
progress36
single36
Category36
Author36
avatar36
because36
perfect36
princess36
description36
Monthly36
Statistics37
Business37
Uncategorized37
content37
December37
server37
Recent37
Comments37
header37
Archives37
navigation37
Server37
masthead37
currently37
working37
developing37
statistics37
anything37
missing37
posted37
primary37
Search37
Categories37
secondary37
wrapper37
Proudly37
powered37
WordPress37
colophon37
Semantic37
Personal37
Publishing37
Platform37
Continue37
reading37
Permalink37
comments37
archive37
author37
website37
development37
nearly37
Robert37
checking37
progress37
single37
Category37
Author37
avatar37
because37
perfect37
princess37
description37
Monthly37
Statistics38
Business38
Uncategorized38
content38
December38
server38
Recent38
Comments38
header38
Archives38
navigation38
Server38
masthead38
currently38
working38
developing38
statistics38
anything38
missing38
posted38
primary38
Search38
Categories38
secondary38
wrapper38
Proudly38
powered38
WordPress38
colophon38
Semantic38
Personal38
Publishing38
Platform38
Continue38
reading38
Permalink38
comments38
archive38
author38
website38
development38
nearly38
Robert38
checking38
progress38
single38
Category38
Author38
avatar38
because38
perfect38
princess38
description38
Monthly38
Statistics39
Business39
Uncategorized39
content39
December39
server39
Recent39
Comments39
header39
Archives39
navigation39
Server39
masthead39
currently39
working39
developing39
statistics39
anything39
missing39
posted39
primary39
Search39
Categories39
secondary39
wrapper39
Proudly39
powered39
WordPress39
colophon39
Semantic39
Personal39
Publishing39
Platform39
Continue39
reading39
Permalink39
comments39
archive39
author39
website39
development39
nearly39
Robert39
checking39
progress39
single39
Category39
Author39
avatar39
because39
perfect39
princess39
description39
Monthly39
Statistics40
Business40
Uncategorized40
content40
December40
server40
Recent40
Comments40
header40
Archives40
navigation40
Server40
masthead40
currently40
working40
developing40
statistics40
anything40
missing40
posted40
primary40
Search40
Categories40
secondary40
wrapper40
Proudly40
powered40
WordPress40
colophon40
Semantic40
Personal40
Publishing40
Platform40
Continue40
reading40
Permalink40
comments40
archive40
author40
website40
development40
nearly40
Robert40
checking40
progress40
single40
Category40
Author40
avatar40
because40
perfect40
princess40
description40
Monthly40
Statistics41
Business41
Uncategorized41
content41
December41
server41
Recent41
Comments41
header41
Archives41
navigation41
Server41
masthead41
currently41
working41
developing41
statistics41
anything41
missing41
posted41
primary41
Search41
Categories41
secondary41
wrapper41
Proudly41
powered41
WordPress41
colophon41
Semantic41
Personal41
Publishing41
Platform41
Continue41
reading41
Permalink41
comments41
archive41
author41
website41
development41
nearly41
Robert41
checking41
progress41
single41
Category41
Author41
avatar41
because41
perfect41
princess41
description41
Monthly41
Statistics42
Business42
Uncategorized42
content42
December42
server42
Recent42
Comments42
header42
Archives42
navigation42
Server42
masthead42
currently42
working42
developing42
statistics42
anything42
missing42
posted42
primary42
Search42
Categories42
secondary42
wrapper42
Proudly42
powered42
WordPress42
colophon42
Semantic42
Personal42
Publishing42
Platform42
Continue42
reading42
Permalink42
comments42
archive42
author42
website42
development42
nearly42
Robert42
checking42
progress42
single42
Category42
Author42
avatar42
because42
perfect42
princess42
description42
Monthly42
Statistics43
Business43
Uncategorized43
content43
December43
server43
Recent43
Comments43
header43
Archives43
navigation43
Server43
masthead43
currently43
working43
developing43
statistics43
anything43
missing43
posted43
primary43
Search43
Categories43
secondary43
wrapper43
Proudly43
powered43
WordPress43
colophon43
Semantic43
Personal43
Publishing43
Platform43
Continue43
reading43
Permalink43
comments43
archive43
author43
website43
development43
nearly43
Robert43
checking43
progress43
single43
Category43
Author43
avatar43
because43
perfect43
princess43
description43
Monthly43
Statistics44
Business44
Uncategorized44
content44
December44
server44
Recent44
Comments44
header44
Archives44
navigation44
Server44
masthead44
currently44
working44
developing44
statistics44
anything44
missing44
posted44
primary44
Search44
Categories44
secondary44
wrapper44
Proudly44
powered44
WordPress44
colophon44
Semantic44
Personal44
Publishing44
Platform44
Continue44
reading44
Permalink44
comments44
archive44
author44
website44
development44
nearly44
Robert44
checking44
progress44
single44
Category44
Author44
avatar44
because44
perfect44
princess44
description44
Monthly44
Statistics45
Business45
Uncategorized45
content45
December45
server45
Recent45
Comments45
header45
Archives45
navigation45
Server45
masthead45
currently45
working45
developing45
statistics45
anything45
missing45
posted45
primary45
Search45
Categories45
secondary45
wrapper45
Proudly45
powered45
WordPress45
colophon45
Semantic45
Personal45
Publishing45
Platform45
Continue45
reading45
Permalink45
comments45
archive45
author45
website45
development45
nearly45
Robert45
checking45
progress45
single45
Category45
Author45
avatar45
because45
perfect45
princess45
description45
Monthly45
Statistics46
Business46
Uncategorized46
content46
December46
server46
Recent46
Comments46
header46
Archives46
navigation46
Server46
masthead46
currently46
working46
developing46
statistics46
anything46
missing46
posted46
primary46
Search46
Categories46
secondary46
wrapper46
Proudly46
powered46
WordPress46
colophon46
Semantic46
Personal46
Publishing46
Platform46
Continue46
reading46
Permalink46
comments46
archive46
author46
website46
development46
nearly46
Robert46
checking46
progress46
single46
Category46
Author46
avatar46
because46
perfect46
princess46
description46
Monthly46
Statistics47
Business47
Uncategorized47
content47
December47
server47
Recent47
Comments47
header47
Archives47
navigation47
Server47
masthead47
currently47
working47
developing47
statistics47
anything47
missing47
posted47
primary47
Search47
Categories47
secondary47
wrapper47
Proudly47
powered47
WordPress47
colophon47
Semantic47
Personal47
Publishing47
Platform47
Continue47
reading47
Permalink47
comments47
archive47
author47
website47
development47
nearly47
Robert47
checking47
progress47
single47
Category47
Author47
avatar47
because47
perfect47
princess47
description47
Monthly47
Statistics48
Business48
Uncategorized48
content48
December48
server48
Recent48
Comments48
header48
Archives48
navigation48
Server48
masthead48
currently48
working48
developing48
statistics48
anything48
missing48
posted48
primary48
Search48
Categories48
secondary48
wrapper48
Proudly48
powered48
WordPress48
colophon48
Semantic48
Personal48
Publishing48
Platform48
Continue48
reading48
Permalink48
comments48
archive48
author48
website48
development48
nearly48
Robert48
checking48
progress48
single48
Category48
Author48
avatar48
because48
perfect48
princess48
description48
Monthly48
Statistics49
Business49
Uncategorized49
content49
December49
server49
Recent49
Comments49
header49
Archives49
navigation49
Server49
masthead49
currently49
working49
developing49
statistics49
anything49
missing49
posted49
primary49
Search49
Categories49
secondary49
wrapper49
Proudly49
powered49
WordPress49
colophon49
Semantic49
Personal49
Publishing49
Platform49
Continue49
reading49
Permalink49
comments49
archive49
author49
website49
development49
nearly49
Robert49
checking49
progress49
single49
Category49
Author49
avatar49
because49
perfect49
princess49
description49
Monthly49
Statistics50
Business50
Uncategorized50
content50
December50
server50
Recent50
Comments50
header50
Archives50
navigation50
Server50
masthead50
currently50
working50
developing50
statistics50
anything50
missing50
posted50
primary50
Search50
Categories50
secondary50
wrapper50
Proudly50
powered50
WordPress50
colophon50
Semantic50
Personal50
Publishing50
Platform50
Continue50
reading50
Permalink50
comments50
archive50
author50
website50
development50
nearly50
Robert50
checking50
progress50
single50
Category50
Author50
avatar50
because50
perfect50
princess50
description50
Monthly50
Statistics51
Business51
Uncategorized51
content51
December51
server51
Recent51
Comments51
header51
Archives51
navigation51
Server51
masthead51
currently51
working51
developing51
statistics51
anything51
missing51
posted51
primary51
Search51
Categories51
secondary51
wrapper51
Proudly51
powered51
WordPress51
colophon51
Semantic51
Personal51
Publishing51
Platform51
Continue51
reading51
Permalink51
comments51
archive51
author51
website51
development51
nearly51
Robert51
checking51
progress51
single51
Category51
Author51
avatar51
because51
perfect51
princess51
description51
Monthly51
Statistics52
Business52
Uncategorized52
content52
December52
server52
Recent52
Comments52
header52
Archives52
navigation52
Server52
masthead52
currently52
working52
developing52
statistics52
anything52
missing52
posted52
primary52
Search52
Categories52
secondary52
wrapper52
Proudly52
powered52
WordPress52
colophon52
Semantic52
Personal52
Publishing52
Platform52
Continue52
reading52
Permalink52
comments52
archive52
author52
website52
development52
nearly52
Robert52
checking52
progress52
single52
Category52
Author52
avatar52
because52
perfect52
princess52
description52
Monthly52
Statistics53
Business53
Uncategorized53
content53
December53
server53
Recent53
Comments53
header53
Archives53
navigation53
Server53
masthead53
currently53
working53
developing53
statistics53
anything53
missing53
posted53
primary53
Search53
Categories53
secondary53
wrapper53
Proudly53
powered53
WordPress53
colophon53
Semantic53
Personal53
Publishing53
Platform53
Continue53
reading53
Permalink53
comments53
archive53
author53
website53
development53
nearly53
Robert53
checking53
progress53
single53
Category53
Author53
avatar53
because53
perfect53
princess53
description53
Monthly53
Statistics54
Business54
Uncategorized54
content54
December54
server54
Recent54
Comments54
header54
Archives54
navigation54
Server54
masthead54
currently54
working54
developing54
statistics54
anything54
missing54
posted54
primary54
Search54
Categories54
secondary54
wrapper54
Proudly54
powered54
WordPress54
colophon54
Semantic54
Personal54
Publishing54
Platform54
Continue54
reading54
Permalink54
comments54
archive54
author54
website54
development54
nearly54
Robert54
checking54
progress54
single54
Category54
Author54
avatar54
because54
perfect54
princess54
description54
Monthly54
Statistics55
Business55
Uncategorized55
content55
December55
server55
Recent55
Comments55
header55
Archives55
navigation55
Server55
masthead55
currently55
working55
developing55
statistics55
anything55
missing55
posted55
primary55
Search55
Categories55
secondary55
wrapper55
Proudly55
powered55
WordPress55
colophon55
Semantic55
Personal55
Publishing55
Platform55
Continue55
reading55
Permalink55
comments55
archive55
author55
website55
development55
nearly55
Robert55
checking55
progress55
single55
Category55
Author55
avatar55
because55
perfect55
princess55
description55
Monthly55
Statistics56
Business56
Uncategorized56
content56
December56
server56
Recent56
Comments56
header56
Archives56
navigation56
Server56
masthead56
currently56
working56
developing56
statistics56
anything56
missing56
posted56
primary56
Search56
Categories56
secondary56
wrapper56
Proudly56
powered56
WordPress56
colophon56
Semantic56
Personal56
Publishing56
Platform56
Continue56
reading56
Permalink56
comments56
archive56
author56
website56
development56
nearly56
Robert56
checking56
progress56
single56
Category56
Author56
avatar56
because56
perfect56
princess56
description56
Monthly56
Statistics57
Business57
Uncategorized57
content57
December57
server57
Recent57
Comments57
header57
Archives57
navigation57
Server57
masthead57
currently57
working57
developing57
statistics57
anything57
missing57
posted57
primary57
Search57
Categories57
secondary57
wrapper57
Proudly57
powered57
WordPress57
colophon57
Semantic57
Personal57
Publishing57
Platform57
Continue57
reading57
Permalink57
comments57
archive57
author57
website57
development57
nearly57
Robert57
checking57
progress57
single57
Category57
Author57
avatar57
because57
perfect57
princess57
description57
Monthly57
Statistics58
Business58
Uncategorized58
content58
December58
server58
Recent58
Comments58
header58
Archives58
navigation58
Server58
masthead58
currently58
working58
developing58
statistics58
anything58
missing58
posted58
primary58
Search58
Categories58
secondary58
wrapper58
Proudly58
powered58
WordPress58
colophon58
Semantic58
Personal58
Publishing58
Platform58
Continue58
reading58
Permalink58
comments58
archive58
author58
website58
development58
nearly58
Robert58
checking58
progress58
single58
Category58
Author58
avatar58
because58
perfect58
princess58
description58
Monthly58
Statistics59
Business59
Uncategorized59
content59
December59
server59
Recent59
Comments59
header59
Archives59
navigation59
Server59
masthead59
currently59
working59
developing59
statistics59
anything59
missing59
posted59
primary59
Search59
Categories59
secondary59
wrapper59
Proudly59
powered59
WordPress59
colophon59
Semantic59
Personal59
Publishing59
Platform59
Continue59
reading59
Permalink59
comments59
archive59
author59
website59
development59
nearly59
Robert59
checking59
progress59
single59
Category59
Author59
avatar59
because59
perfect59
princess59
description59
Monthly59
Statistics60
Business60
Uncategorized60
content60
December60
server60
Recent60
Comments60
header60
Archives60
navigation60
Server60
masthead60
currently60
working60
developing60
statistics60
anything60
missing60
posted60
primary60
Search60
Categories60
secondary60
wrapper60
Proudly60
powered60
WordPress60
colophon60
Semantic60
Personal60
Publishing60
Platform60
Continue60
reading60
Permalink60
comments60
archive60
author60
website60
development60
nearly60
Robert60
checking60
progress60
single60
Category60
Author60
avatar60
because60
perfect60
princess60
description60
Monthly60
Statistics61
Business61
Uncategorized61
content61
December61
server61
Recent61
Comments61
header61
Archives61
navigation61
Server61
masthead61
currently61
working61
developing61
statistics61
anything61
missing61
posted61
primary61
Search61
Categories61
secondary61
wrapper61
Proudly61
powered61
WordPress61
colophon61
Semantic61
Personal61
Publishing61
Platform61
Continue61
reading61
Permalink61
comments61
archive61
author61
website61
development61
nearly61
Robert61
checking61
progress61
single61
Category61
Author61
avatar61
because61
perfect61
princess61
description61
Monthly61
Statistics62
Business62
Uncategorized62
content62
December62
server62
Recent62
Comments62
header62
Archives62
navigation62
Server62
masthead62
currently62
working62
developing62
statistics62
anything62
missing62
posted62
primary62
Search62
Categories62
secondary62
wrapper62
Proudly62
powered62
WordPress62
colophon62
Semantic62
Personal62
Publishing62
Platform62
Continue62
reading62
Permalink62
comments62
archive62
author62
website62
development62
nearly62
Robert62
checking62
progress62
single62
Category62
Author62
avatar62
because62
perfect62
princess62
description62
Monthly62
Statistics63
Business63
Uncategorized63
content63
December63
server63
Recent63
Comments63
header63
Archives63
navigation63
Server63
masthead63
currently63
working63
developing63
statistics63
anything63
missing63
posted63
primary63
Search63
Categories63
secondary63
wrapper63
Proudly63
powered63
WordPress63
colophon63
Semantic63
Personal63
Publishing63
Platform63
Continue63
reading63
Permalink63
comments63
archive63
author63
website63
development63
nearly63
Robert63
checking63
progress63
single63
Category63
Author63
avatar63
because63
perfect63
princess63
description63
Monthly63
Statistics64
Business64
Uncategorized64
content64
December64
server64
Recent64
Comments64
header64
Archives64
navigation64
Server64
masthead64
currently64
working64
developing64
statistics64
anything64
missing64
posted64
primary64
Search64
Categories64
secondary64
wrapper64
Proudly64
powered64
WordPress64
colophon64
Semantic64
Personal64
Publishing64
Platform64
Continue64
reading64
Permalink64
comments64
archive64
author64
website64
development64
nearly64
Robert64
checking64
progress64
single64
Category64
Author64
avatar64
because64
perfect64
princess64
description64
Monthly64
Statistics65
Business65
Uncategorized65
content65
December65
server65
Recent65
Comments65
header65
Archives65
navigation65
Server65
masthead65
currently65
working65
developing65
statistics65
anything65
missing65
posted65
primary65
Search65
Categories65
secondary65
wrapper65
Proudly65
powered65
WordPress65
colophon65
Semantic65
Personal65
Publishing65
Platform65
Continue65
reading65
Permalink65
comments65
archive65
author65
website65
development65
nearly65
Robert65
checking65
progress65
single65
Category65
Author65
avatar65
because65
perfect65
princess65
description65
Monthly65
Statistics66
Business66
Uncategorized66
content66
December66
server66
Recent66
Comments66
header66
Archives66
navigation66
Server66
masthead66
currently66
working66
developing66
statistics66
anything66
missing66
posted66
primary66
Search66
Categories66
secondary66
wrapper66
Proudly66
powered66
WordPress66
colophon66
Semantic66
Personal66
Publishing66
Platform66
Continue66
reading66
Permalink66
comments66
archive66
author66
website66
development66
nearly66
Robert66
checking66
progress66
single66
Category66
Author66
avatar66
because66
perfect66
princess66
description66
Monthly66
Statistics67
Business67
Uncategorized67
content67
December67
server67
Recent67
Comments67
header67
Archives67
navigation67
Server67
masthead67
currently67
working67
developing67
statistics67
anything67
missing67
posted67
primary67
Search67
Categories67
secondary67
wrapper67
Proudly67
powered67
WordPress67
colophon67
Semantic67
Personal67
Publishing67
Platform67
Continue67
reading67
Permalink67
comments67
archive67
author67
website67
development67
nearly67
Robert67
checking67
progress67
single67
Category67
Author67
avatar67
because67
perfect67
princess67
description67
Monthly67
Statistics68
Business68
Uncategorized68
content68
December68
server68
Recent68
Comments68
header68
Archives68
navigation68
Server68
masthead68
currently68
working68
developing68
statistics68
anything68
missing68
posted68
primary68
Search68
Categories68
secondary68
wrapper68
Proudly68
powered68
WordPress68
colophon68
Semantic68
Personal68
Publishing68
Platform68
Continue68
reading68
Permalink68
comments68
archive68
author68
website68
development68
nearly68
Robert68
checking68
progress68
single68
Category68
Author68
avatar68
because68
perfect68
princess68
description68
Monthly68
Statistics69
Business69
Uncategorized69
content69
December69
server69
Recent69
Comments69
header69
Archives69
navigation69
Server69
masthead69
currently69
working69
developing69
statistics69
anything69
missing69
posted69
primary69
Search69
Categories69
secondary69
wrapper69
Proudly69
powered69
WordPress69
colophon69
Semantic69
Personal69
Publishing69
Platform69
Continue69
reading69
Permalink69
comments69
archive69
author69
website69
development69
nearly69
Robert69
checking69
progress69
single69
Category69
Author69
avatar69
because69
perfect69
princess69
description69
Monthly69
Statistics70
Business70
Uncategorized70
content70
December70
server70
Recent70
Comments70
header70
Archives70
navigation70
Server70
masthead70
currently70
working70
developing70
statistics70
anything70
missing70
posted70
primary70
Search70
Categories70
secondary70
wrapper70
Proudly70
powered70
WordPress70
colophon70
Semantic70
Personal70
Publishing70
Platform70
Continue70
reading70
Permalink70
comments70
archive70
author70
website70
development70
nearly70
Robert70
checking70
progress70
single70
Category70
Author70
avatar70
because70
perfect70
princess70
description70
Monthly70
Statistics71
Business71
Uncategorized71
content71
December71
server71
Recent71
Comments71
header71
Archives71
navigation71
Server71
masthead71
currently71
working71
developing71
statistics71
anything71
missing71
posted71
primary71
Search71
Categories71
secondary71
wrapper71
Proudly71
powered71
WordPress71
colophon71
Semantic71
Personal71
Publishing71
Platform71
Continue71
reading71
Permalink71
comments71
archive71
author71
website71
development71
nearly71
Robert71
checking71
progress71
single71
Category71
Author71
avatar71
because71
perfect71
princess71
description71
Monthly71
Statistics72
Business72
Uncategorized72
content72
December72
server72
Recent72
Comments72
header72
Archives72
navigation72
Server72
masthead72
currently72
working72
developing72
statistics72
anything72
missing72
posted72
primary72
Search72
Categories72
secondary72
wrapper72
Proudly72
powered72
WordPress72
colophon72
Semantic72
Personal72
Publishing72
Platform72
Continue72
reading72
Permalink72
comments72
archive72
author72
website72
development72
nearly72
Robert72
checking72
progress72
single72
Category72
Author72
avatar72
because72
perfect72
princess72
description72
Monthly72
Statistics73
Business73
Uncategorized73
content73
December73
server73
Recent73
Comments73
header73
Archives73
navigation73
Server73
masthead73
currently73
working73
developing73
statistics73
anything73
missing73
posted73
primary73
Search73
Categories73
secondary73
wrapper73
Proudly73
powered73
WordPress73
colophon73
Semantic73
Personal73
Publishing73
Platform73
Continue73
reading73
Permalink73
comments73
archive73
author73
website73
development73
nearly73
Robert73
checking73
progress73
single73
Category73
Author73
avatar73
because73
perfect73
princess73
description73
Monthly73
Statistics74
Business74
Uncategorized74
content74
December74
server74
Recent74
Comments74
header74
Archives74
navigation74
Server74
masthead74
currently74
working74
developing74
statistics74
anything74
missing74
posted74
primary74
Search74
Categories74
secondary74
wrapper74
Proudly74
powered74
WordPress74
colophon74
Semantic74
Personal74
Publishing74
Platform74
Continue74
reading74
Permalink74
comments74
archive74
author74
website74
development74
nearly74
Robert74
checking74
progress74
single74
Category74
Author74
avatar74
because74
perfect74
princess74
description74
Monthly74
Statistics75
Business75
Uncategorized75
content75
December75
server75
Recent75
Comments75
header75
Archives75
navigation75
Server75
masthead75
currently75
working75
developing75
statistics75
anything75
missing75
posted75
primary75
Search75
Categories75
secondary75
wrapper75
Proudly75
powered75
WordPress75
colophon75
Semantic75
Personal75
Publishing75
Platform75
Continue75
reading75
Permalink75
comments75
archive75
author75
website75
development75
nearly75
Robert75
checking75
progress75
single75
Category75
Author75
avatar75
because75
perfect75
princess75
description75
Monthly75
Statistics76
Business76
Uncategorized76
content76
December76
server76
Recent76
Comments76
header76
Archives76
navigation76
Server76
masthead76
currently76
working76
developing76
statistics76
anything76
missing76
posted76
primary76
Search76
Categories76
secondary76
wrapper76
Proudly76
powered76
WordPress76
colophon76
Semantic76
Personal76
Publishing76
Platform76
Continue76
reading76
Permalink76
comments76
archive76
author76
website76
development76
nearly76
Robert76
checking76
progress76
single76
Category76
Author76
avatar76
because76
perfect76
princess76
description76
Monthly76
Statistics77
Business77
Uncategorized77
content77
December77
server77
Recent77
Comments77
header77
Archives77
navigation77
Server77
masthead77
currently77
working77
developing77
statistics77
anything77
missing77
posted77
primary77
Search77
Categories77
secondary77
wrapper77
Proudly77
powered77
WordPress77
colophon77
Semantic77
Personal77
Publishing77
Platform77
Continue77
reading77
Permalink77
comments77
archive77
author77
website77
development77
nearly77
Robert77
checking77
progress77
single77
Category77
Author77
avatar77
because77
perfect77
princess77
description77
Monthly77
Statistics78
Business78
Uncategorized78
content78
December78
server78
Recent78
Comments78
header78
Archives78
navigation78
Server78
masthead78
currently78
working78
developing78
statistics78
anything78
missing78
posted78
primary78
Search78
Categories78
secondary78
wrapper78
Proudly78
powered78
WordPress78
colophon78
Semantic78
Personal78
Publishing78
Platform78
Continue78
reading78
Permalink78
comments78
archive78
author78
website78
development78
nearly78
Robert78
checking78
progress78
single78
Category78
Author78
avatar78
because78
perfect78
princess78
description78
Monthly78
Statistics79
Business79
Uncategorized79
content79
December79
server79
Recent79
Comments79
header79
Archives79
navigation79
Server79
masthead79
currently79
working79
developing79
statistics79
anything79
missing79
posted79
primary79
Search79
Categories79
secondary79
wrapper79
Proudly79
powered79
WordPress79
colophon79
Semantic79
Personal79
Publishing79
Platform79
Continue79
reading79
Permalink79
comments79
archive79
author79
website79
development79
nearly79
Robert79
checking79
progress79
single79
Category79
Author79
avatar79
because79
perfect79
princess79
description79
Monthly79
Statistics80
Business80
Uncategorized80
content80
December80
server80
Recent80
Comments80
header80
Archives80
navigation80
Server80
masthead80
currently80
working80
developing80
statistics80
anything80
missing80
posted80
primary80
Search80
Categories80
secondary80
wrapper80
Proudly80
powered80
WordPress80
colophon80
Semantic80
Personal80
Publishing80
Platform80
Continue80
reading80
Permalink80
comments80
archive80
author80
website80
development80
nearly80
Robert80
checking80
progress80
single80
Category80
Author80
avatar80
because80
perfect80
princess80
description80
Monthly80
Statistics81
Business81
Uncategorized81
content81
December81
server81
Recent81
Comments81
header81
Archives81
navigation81
Server81
masthead81
currently81
working81
developing81
statistics81
anything81
missing81
posted81
primary81
Search81
Categories81
secondary81
wrapper81
Proudly81
powered81
WordPress81
colophon81
Semantic81
Personal81
Publishing81
Platform81
Continue81
reading81
Permalink81
comments81
archive81
author81
website81
development81
nearly81
Robert81
checking81
progress81
single81
Category81
Author81
avatar81
because81
perfect81
princess81
description81
Monthly81
Statistics82
Business82
Uncategorized82
content82
December82
server82
Recent82
Comments82
header82
Archives82
navigation82
Server82
masthead82
currently82
working82
developing82
statistics82
anything82
missing82
posted82
primary82
Search82
Categories82
secondary82
wrapper82
Proudly82
powered82
WordPress82
colophon82
Semantic82
Personal82
Publishing82
Platform82
Continue82
reading82
Permalink82
comments82
archive82
author82
website82
development82
nearly82
Robert82
checking82
progress82
single82
Category82
Author82
avatar82
because82
perfect82
princess82
description82
Monthly82
Statistics83
Business83
Uncategorized83
content83
December83
server83
Recent83
Comments83
header83
Archives83
navigation83
Server83
masthead83
currently83
working83
developing83
statistics83
anything83
missing83
posted83
primary83
Search83
Categories83
secondary83
wrapper83
Proudly83
powered83
WordPress83
colophon83
Semantic83
Personal83
Publishing83
Platform83
Continue83
reading83
Permalink83
comments83
archive83
author83
website83
development83
nearly83
Robert83
checking83
progress83
single83
Category83
Author83
avatar83
because83
perfect83
princess83
description83
Monthly83
Statistics84
Business84
Uncategorized84
content84
December84
server84
Recent84
Comments84
header84
Archives84
navigation84
Server84
masthead84
currently84
working84
developing84
statistics84
anything84
missing84
posted84
primary84
Search84
Categories84
secondary84
wrapper84
Proudly84
powered84
WordPress84
colophon84
Semantic84
Personal84
Publishing84
Platform84
Continue84
reading84
Permalink84
comments84
archive84
author84
website84
development84
nearly84
Robert84
checking84
progress84
single84
Category84
Author84
avatar84
because84
perfect84
princess84
description84
Monthly84
Statistics85
Business85
Uncategorized85
content85
December85
server85
Recent85
Comments85
header85
Archives85
navigation85
Server85
masthead85
currently85
working85
developing85
statistics85
anything85
missing85
posted85
primary85
Search85
Categories85
secondary85
wrapper85
Proudly85
powered85
WordPress85
colophon85
Semantic85
Personal85
Publishing85
Platform85
Continue85
reading85
Permalink85
comments85
archive85
author85
website85
development85
nearly85
Robert85
checking85
progress85
single85
Category85
Author85
avatar85
because85
perfect85
princess85
description85
Monthly85
Statistics86
Business86
Uncategorized86
content86
December86
server86
Recent86
Comments86
header86
Archives86
navigation86
Server86
masthead86
currently86
working86
developing86
statistics86
anything86
missing86
posted86
primary86
Search86
Categories86
secondary86
wrapper86
Proudly86
powered86
WordPress86
colophon86
Semantic86
Personal86
Publishing86
Platform86
Continue86
reading86
Permalink86
comments86
archive86
author86
website86
development86
nearly86
Robert86
checking86
progress86
single86
Category86
Author86
avatar86
because86
perfect86
princess86
description86
Monthly86
Statistics87
Business87
Uncategorized87
content87
December87
server87
Recent87
Comments87
header87
Archives87
navigation87
Server87
masthead87
currently87
working87
developing87
statistics87
anything87
missing87
posted87
primary87
Search87
Categories87
secondary87
wrapper87
Proudly87
powered87
WordPress87
colophon87
Semantic87
Personal87
Publishing87
Platform87
Continue87
reading87
Permalink87
comments87
archive87
author87
website87
development87
nearly87
Robert87
checking87
progress87
single87
Category87
Author87
avatar87
because87
perfect87
princess87
description87
Monthly87
Statistics88
Business88
Uncategorized88
content88
December88
server88
Recent88
Comments88
header88
Archives88
navigation88
Server88
masthead88
currently88
working88
developing88
statistics88
anything88
missing88
posted88
primary88
Search88
Categories88
secondary88
wrapper88
Proudly88
powered88
WordPress88
colophon88
Semantic88
Personal88
Publishing88
Platform88
Continue88
reading88
Permalink88
comments88
archive88
author88
website88
development88
nearly88
Robert88
checking88
progress88
single88
Category88
Author88
avatar88
because88
perfect88
princess88
description88
Monthly88
Statistics89
Business89
Uncategorized89
content89
December89
server89
Recent89
Comments89
header89
Archives89
navigation89
Server89
masthead89
currently89
working89
developing89
statistics89
anything89
missing89
posted89
primary89
Search89
Categories89
secondary89
wrapper89
Proudly89
powered89
WordPress89
colophon89
Semantic89
Personal89
Publishing89
Platform89
Continue89
reading89
Permalink89
comments89
archive89
author89
website89
development89
nearly89
Robert89
checking89
progress89
single89
Category89
Author89
avatar89
because89
perfect89
princess89
description89
Monthly89
Statistics90
Business90
Uncategorized90
content90
December90
server90
Recent90
Comments90
header90
Archives90
navigation90
Server90
masthead90
currently90
working90
developing90
statistics90
anything90
missing90
posted90
primary90
Search90
Categories90
secondary90
wrapper90
Proudly90
powered90
WordPress90
colophon90
Semantic90
Personal90
Publishing90
Platform90
Continue90
reading90
Permalink90
comments90
archive90
author90
website90
development90
nearly90
Robert90
checking90
progress90
single90
Category90
Author90
avatar90
because90
perfect90
princess90
description90
Monthly90
Statistics91
Business91
Uncategorized91
content91
December91
server91
Recent91
Comments91
header91
Archives91
navigation91
Server91
masthead91
currently91
working91
developing91
statistics91
anything91
missing91
posted91
primary91
Search91
Categories91
secondary91
wrapper91
Proudly91
powered91
WordPress91
colophon91
Semantic91
Personal91
Publishing91
Platform91
Continue91
reading91
Permalink91
comments91
archive91
author91
website91
development91
nearly91
Robert91
checking91
progress91
single91
Category91
Author91
avatar91
because91
perfect91
princess91
description91
Monthly91
Statistics92
Business92
Uncategorized92
content92
December92
server92
Recent92
Comments92
header92
Archives92
navigation92
Server92
masthead92
currently92
working92
developing92
statistics92
anything92
missing92
posted92
primary92
Search92
Categories92
secondary92
wrapper92
Proudly92
powered92
WordPress92
colophon92
Semantic92
Personal92
Publishing92
Platform92
Continue92
reading92
Permalink92
comments92
archive92
author92
website92
development92
nearly92
Robert92
checking92
progress92
single92
Category92
Author92
avatar92
because92
perfect92
princess92
description92
Monthly92
Statistics93
Business93
Uncategorized93
content93
December93
server93
Recent93
Comments93
header93
Archives93
navigation93
Server93
masthead93
currently93
working93
developing93
statistics93
anything93
missing93
posted93
primary93
Search93
Categories93
secondary93
wrapper93
Proudly93
powered93
WordPress93
colophon93
Semantic93
Personal93
Publishing93
Platform93
Continue93
reading93
Permalink93
comments93
archive93
author93
website93
development93
nearly93
Robert93
checking93
progress93
single93
Category93
Author93
avatar93
because93
perfect93
princess93
description93
Monthly93
Statistics94
Business94
Uncategorized94
content94
December94
server94
Recent94
Comments94
header94
Archives94
navigation94
Server94
masthead94
currently94
working94
developing94
statistics94
anything94
missing94
posted94
primary94
Search94
Categories94
secondary94
wrapper94
Proudly94
powered94
WordPress94
colophon94
Semantic94
Personal94
Publishing94
Platform94
Continue94
reading94
Permalink94
comments94
archive94
author94
website94
development94
nearly94
Robert94
checking94
progress94
single94
Category94
Author94
avatar94
because94
perfect94
princess94
description94
Monthly94
Statistics95
Business95
Uncategorized95
content95
December95
server95
Recent95
Comments95
header95
Archives95
navigation95
Server95
masthead95
currently95
working95
developing95
statistics95
anything95
missing95
posted95
primary95
Search95
Categories95
secondary95
wrapper95
Proudly95
powered95
WordPress95
colophon95
Semantic95
Personal95
Publishing95
Platform95
Continue95
reading95
Permalink95
comments95
archive95
author95
website95
development95
nearly95
Robert95
checking95
progress95
single95
Category95
Author95
avatar95
because95
perfect95
princess95
description95
Monthly95
Statistics96
Business96
Uncategorized96
content96
December96
server96
Recent96
Comments96
header96
Archives96
navigation96
Server96
masthead96
currently96
working96
developing96
statistics96
anything96
missing96
posted96
primary96
Search96
Categories96
secondary96
wrapper96
Proudly96
powered96
WordPress96
colophon96
Semantic96
Personal96
Publishing96
Platform96
Continue96
reading96
Permalink96
comments96
archive96
author96
website96
development96
nearly96
Robert96
checking96
progress96
single96
Category96
Author96
avatar96
because96
perfect96
princess96
description96
Monthly96
Statistics97
Business97
Uncategorized97
content97
December97
server97
Recent97
Comments97
header97
Archives97
navigation97
Server97
masthead97
currently97
working97
developing97
statistics97
anything97
missing97
posted97
primary97
Search97
Categories97
secondary97
wrapper97
Proudly97
powered97
WordPress97
colophon97
Semantic97
Personal97
Publishing97
Platform97
Continue97
reading97
Permalink97
comments97
archive97
author97
website97
development97
nearly97
Robert97
checking97
progress97
single97
Category97
Author97
avatar97
because97
perfect97
princess97
description97
Monthly97
Statistics98
Business98
Uncategorized98
content98
December98
server98
Recent98
Comments98
header98
Archives98
navigation98
Server98
masthead98
currently98
working98
developing98
statistics98
anything98
missing98
posted98
primary98
Search98
Categories98
secondary98
wrapper98
Proudly98
powered98
WordPress98
colophon98
Semantic98
Personal98
Publishing98
Platform98
Continue98
reading98
Permalink98
comments98
archive98
author98
website98
development98
nearly98
Robert98
checking98
progress98
single98
Category98
Author98
avatar98
because98
perfect98
princess98
description98
Monthly98
Statistics99
Business99
Uncategorized99
content99
December99
server99
Recent99
Comments99
header99
Archives99
navigation99
Server99
masthead99
currently99
working99
developing99
statistics99
anything99
missing99
posted99
primary99
Search99
Categories99
secondary99
wrapper99
Proudly99
powered99
WordPress99
colophon99
Semantic99
Personal99
Publishing99
Platform99
Continue99
reading99
Permalink99
comments99
archive99
author99
website99
development99
nearly99
Robert99
checking99
progress99
single99
Category99
Author99
avatar99
because99
perfect99
princess99
description99
Monthly99
